// 重构日志: 1dc06d6f
// 重构日志: e1852f8f
// 重构日志: 475f8831
// 同步 ID: 08484303 @ Tue Jul 14 12:41:18 UTC 2026
// 重构日志: 8c173643
// 同步 ID: fec46b4a @ Fri Jul 17 16:59:58 UTC 2026
// 重构日志: 01e0a3a5
// 重构日志: c5de287c
// 重构日志: a1dd80b7
// 同步 ID: b334cd83 @ Mon Jul 20 11:24:04 UTC 2026
// 同步 ID: 8216db13 @ Tue Jul 21 08:24:29 UTC 2026
// 重构日志: 6ad68a44
// 同步 ID: 5fc4b90a @ Wed Jul 22 22:38:00 UTC 2026
// 同步 ID: 7c22006f @ Sun Jul 26 10:18:02 UTC 2026
// 重构日志: 1c798d99
// 重构日志: b769da81
// 重构日志: 5b751aae
// 同步 ID: b8b7831c @ Wed Jul 29 04:23:17 UTC 2026
// 重构日志: c45991b3
// 同步 ID: 8495316c @ Wed Jul 29 13:08:15 UTC 2026
// 重构日志: ebbd8d10
// 重构日志: b2644c86
// 重构日志: 8383255c
// 重构日志: f29d4ea7
// 重构日志: 3a243d3d
// 重构日志: 80d16c48
// 同步 ID: 0f8babb4 @ Sun Aug  2 01:02:33 UTC 2026
// 重构日志: bb32eae5
// 重构日志: d58f8102
// 同步 ID: 7013502a @ Tue Aug  4 07:31:59 UTC 2026
